[36m[2025-11-06 19:42:11 DEBUG] [__init__:101][39m ###############################################################################
[36m[2025-11-06 19:42:11 DEBUG] [__init__:102][39m Running command 'run'
[36m[2025-11-06 19:42:11 DEBUG] [__init__:106][39m Using settings file '/Users/razik/.chaostoolkit/settings.yaml'
[36m[2025-11-06 19:42:11 DEBUG] [settings:31][39m The Chaos Toolkit settings file could not be found at '/Users/razik/.chaostoolkit/settings.yaml'.
[36m[2025-11-06 19:42:11 DEBUG] [__init__:472][39m No controls to apply on 'loader'
[36m[2025-11-06 19:42:11 DEBUG] [__init__:472][39m No controls to apply on 'loader'
[36m[2025-11-06 19:42:20 DEBUG] [__init__:101][39m ###############################################################################
[36m[2025-11-06 19:42:20 DEBUG] [__init__:102][39m Running command 'run'
[36m[2025-11-06 19:42:20 DEBUG] [__init__:106][39m Using settings file '/Users/razik/.chaostoolkit/settings.yaml'
[36m[2025-11-06 19:42:20 DEBUG] [settings:31][39m The Chaos Toolkit settings file could not be found at '/Users/razik/.chaostoolkit/settings.yaml'.
[36m[2025-11-06 19:42:20 DEBUG] [__init__:472][39m No controls to apply on 'loader'
[36m[2025-11-06 19:42:20 DEBUG] [__init__:472][39m No controls to apply on 'loader'
[36m[2025-11-06 19:42:20 DEBUG] [caching:24][39m Building activity cache...
[36m[2025-11-06 19:42:20 DEBUG] [caching:35][39m Cached 3 activities
[32m[2025-11-06 19:42:20 INFO] [experiment:59][39m Validating the experiment's syntax
[36m[2025-11-06 19:42:20 DEBUG] [configuration:64][39m Loading configuration...
[36m[2025-11-06 19:42:20 DEBUG] [secret:79][39m Loading secrets...
[36m[2025-11-06 19:42:20 DEBUG] [secret:104][39m Done loading secrets
[32m[2025-11-06 19:42:20 INFO] [experiment:112][39m Experiment looks valid
[36m[2025-11-06 19:42:20 DEBUG] [caching:42][39m Clearing activities cache
[36m[2025-11-06 19:42:20 DEBUG] [run:224][39m Runtime strategies: hypothesis - default / rollbacks - default
[36m[2025-11-06 19:42:20 DEBUG] [caching:24][39m Building activity cache...
[36m[2025-11-06 19:42:20 DEBUG] [caching:35][39m Cached 3 activities
[36m[2025-11-06 19:42:20 DEBUG] [configuration:64][39m Loading configuration...
[36m[2025-11-06 19:42:20 DEBUG] [secret:79][39m Loading secrets...
[36m[2025-11-06 19:42:20 DEBUG] [secret:104][39m Done loading secrets
[36m[2025-11-06 19:42:20 DEBUG] [configuration:161][39m Loading dynamic configuration...
[32m[2025-11-06 19:42:20 INFO] [run:440][39m Running experiment: Simulate backend pod failure in Kubernetes
[36m[2025-11-06 19:42:20 DEBUG] [__init__:67][39m Initializing controls
[32m[2025-11-06 19:42:20 INFO] [run:471][39m Steady-state strategy: default
[32m[2025-11-06 19:42:20 INFO] [run:477][39m Rollbacks strategy: default
[36m[2025-11-06 19:42:20 DEBUG] [__init__:472][39m No controls to apply on 'experiment'
[36m[2025-11-06 19:42:20 DEBUG] [run:654][39m Running steady-state hypothesis before the method
[32m[2025-11-06 19:42:20 INFO] [hypothesis:205][39m Steady state hypothesis: Frontend is healthy before and after chaos
[36m[2025-11-06 19:42:20 DEBUG] [__init__:472][39m No controls to apply on 'hypothesis'
[36m[2025-11-06 19:42:20 DEBUG] [__init__:472][39m No controls to apply on 'activity'
[32m[2025-11-06 19:42:20 INFO] [activity:232][39m Probe: frontend_is_responding
[36m[2025-11-06 19:42:20 DEBUG] [activity:260][39m   => succeeded with '{'status': 200, 'headers': {'Server': 'Werkzeug/3.1.3 Python/3.9.25', 'Date': 'Thu, 06 Nov 2025 19:42:20 GMT', 'Content-Type': 'application/json', 'Content-Length': '16', 'Connection': 'close'}, 'body': {'status': 'ok'}}'
[36m[2025-11-06 19:42:20 DEBUG] [__init__:472][39m No controls to apply on 'activity'
[36m[2025-11-06 19:42:20 DEBUG] [hypothesis:247][39m allowed tolerance is 200
[32m[2025-11-06 19:42:20 INFO] [hypothesis:260][39m Steady state hypothesis is met!
[36m[2025-11-06 19:42:20 DEBUG] [__init__:472][39m No controls to apply on 'hypothesis'
[32m[2025-11-06 19:42:20 INFO] [run:778][39m Playing your experiment's method now...
[36m[2025-11-06 19:42:20 DEBUG] [__init__:472][39m No controls to apply on 'method'
[36m[2025-11-06 19:42:20 DEBUG] [__init__:472][39m No controls to apply on 'activity'
[32m[2025-11-06 19:42:20 INFO] [activity:232][39m Action: terminate_one_backend_pod
[36m[2025-11-06 19:42:20 DEBUG] [python:33][39m Activity 'terminate_one_backend_pod' loaded from '/Users/razik/Software/ds/lab3/client/.venv/lib/python3.13/site-packages/chaosk8s/pod/actions.py'
[36m[2025-11-06 19:42:20 DEBUG] [__init__:79][39m Using Kubernetes context 'default' from config '/Users/razik/.kube/config'
[36m[2025-11-06 19:42:20 DEBUG] [actions:236][39m Found 2 pods labelled 'app=backend' in ns resilience-demo
[36m[2025-11-06 19:42:20 DEBUG] [activity:260][39m   => succeeded with '['backend-6c59798b59-8928p']'
[36m[2025-11-06 19:42:20 DEBUG] [__init__:472][39m No controls to apply on 'activity'
[36m[2025-11-06 19:42:20 DEBUG] [__init__:472][39m No controls to apply on 'activity'
[32m[2025-11-06 19:42:20 INFO] [activity:232][39m Probe: check_breaker_status_during
[36m[2025-11-06 19:42:20 DEBUG] [activity:260][39m   => succeeded with '{'status': 200, 'headers': {'Server': 'Werkzeug/3.1.3 Python/3.9.25', 'Date': 'Thu, 06 Nov 2025 19:42:20 GMT', 'Content-Type': 'application/json', 'Content-Length': '111', 'Connection': 'close'}, 'body': {'fail_max': 5, 'half_open_max_concurrency': 2, 'last_changed': 1762441242.402012, 'reset_timeout': 5, 'state': 'open'}}'
[36m[2025-11-06 19:42:20 DEBUG] [__init__:472][39m No controls to apply on 'activity'
[36m[2025-11-06 19:42:20 DEBUG] [__init__:472][39m No controls to apply on 'method'
[36m[2025-11-06 19:42:20 DEBUG] [run:696][39m Running steady-state hypothesis after the method
[32m[2025-11-06 19:42:20 INFO] [hypothesis:205][39m Steady state hypothesis: Frontend is healthy before and after chaos
[36m[2025-11-06 19:42:20 DEBUG] [__init__:472][39m No controls to apply on 'hypothesis'
[36m[2025-11-06 19:42:20 DEBUG] [__init__:472][39m No controls to apply on 'activity'
[32m[2025-11-06 19:42:20 INFO] [activity:232][39m Probe: frontend_is_responding
[36m[2025-11-06 19:42:20 DEBUG] [activity:260][39m   => succeeded with '{'status': 200, 'headers': {'Server': 'Werkzeug/3.1.3 Python/3.9.25', 'Date': 'Thu, 06 Nov 2025 19:42:20 GMT', 'Content-Type': 'application/json', 'Content-Length': '16', 'Connection': 'close'}, 'body': {'status': 'ok'}}'
[36m[2025-11-06 19:42:20 DEBUG] [__init__:472][39m No controls to apply on 'activity'
[36m[2025-11-06 19:42:20 DEBUG] [hypothesis:247][39m allowed tolerance is 200
[32m[2025-11-06 19:42:20 INFO] [hypothesis:260][39m Steady state hypothesis is met!
[36m[2025-11-06 19:42:20 DEBUG] [__init__:472][39m No controls to apply on 'hypothesis'
[32m[2025-11-06 19:42:20 INFO] [run:1072][39m Let's rollback...
[36m[2025-11-06 19:42:20 DEBUG] [__init__:472][39m No controls to apply on 'rollback'
[32m[2025-11-06 19:42:20 INFO] [rollback:33][39m No declared rollbacks, let's move on.
[36m[2025-11-06 19:42:20 DEBUG] [__init__:472][39m No controls to apply on 'rollback'
[32m[2025-11-06 19:42:20 INFO] [run:598][39m Experiment ended with status: completed
[36m[2025-11-06 19:42:20 DEBUG] [__init__:472][39m No controls to apply on 'experiment'
[36m[2025-11-06 19:42:20 DEBUG] [__init__:106][39m Cleaning up controls
[36m[2025-11-06 19:42:20 DEBUG] [caching:42][39m Clearing activities cache
[36m[2025-11-06 19:43:50 DEBUG] [__init__:101][39m ###############################################################################
[36m[2025-11-06 19:43:50 DEBUG] [__init__:102][39m Running command 'run'
[36m[2025-11-06 19:43:50 DEBUG] [__init__:106][39m Using settings file '/Users/razik/.chaostoolkit/settings.yaml'
[36m[2025-11-06 19:43:50 DEBUG] [settings:31][39m The Chaos Toolkit settings file could not be found at '/Users/razik/.chaostoolkit/settings.yaml'.
[36m[2025-11-06 19:43:50 DEBUG] [__init__:472][39m No controls to apply on 'loader'
[36m[2025-11-06 19:43:50 DEBUG] [__init__:472][39m No controls to apply on 'loader'
[36m[2025-11-06 19:43:50 DEBUG] [caching:24][39m Building activity cache...
[36m[2025-11-06 19:43:50 DEBUG] [caching:35][39m Cached 3 activities
[32m[2025-11-06 19:43:50 INFO] [experiment:59][39m Validating the experiment's syntax
[36m[2025-11-06 19:43:50 DEBUG] [configuration:64][39m Loading configuration...
[36m[2025-11-06 19:43:50 DEBUG] [secret:79][39m Loading secrets...
[36m[2025-11-06 19:43:50 DEBUG] [secret:104][39m Done loading secrets
[36m[2025-11-06 19:43:50 DEBUG] [caching:42][39m Clearing activities cache
[31m[2025-11-06 19:43:50 ERROR] [run:188][39m could not find Python module 'chaosnetwork.iptables.actions' in activity 'add_latency_to_backend'
[36m[2025-11-06 19:43:50 DEBUG] [run:189][39m could not find Python module 'chaosnetwork.iptables.actions' in activity 'add_latency_to_backend'
[36m[2025-11-06 19:56:57 DEBUG] [__init__:101][39m ###############################################################################
[36m[2025-11-06 19:56:57 DEBUG] [__init__:102][39m Running command 'run'
[36m[2025-11-06 19:56:57 DEBUG] [__init__:106][39m Using settings file '/Users/razik/.chaostoolkit/settings.yaml'
[36m[2025-11-06 19:56:57 DEBUG] [settings:31][39m The Chaos Toolkit settings file could not be found at '/Users/razik/.chaostoolkit/settings.yaml'.
[36m[2025-11-06 19:56:57 DEBUG] [__init__:472][39m No controls to apply on 'loader'
[36m[2025-11-06 19:56:57 DEBUG] [__init__:472][39m No controls to apply on 'loader'
[36m[2025-11-06 19:56:57 DEBUG] [caching:24][39m Building activity cache...
[36m[2025-11-06 19:56:57 DEBUG] [caching:35][39m Cached 6 activities
[32m[2025-11-06 19:56:57 INFO] [experiment:59][39m Validating the experiment's syntax
[36m[2025-11-06 19:56:57 DEBUG] [configuration:64][39m Loading configuration...
[36m[2025-11-06 19:56:57 DEBUG] [secret:79][39m Loading secrets...
[36m[2025-11-06 19:56:57 DEBUG] [secret:104][39m Done loading secrets
[36m[2025-11-06 19:56:57 DEBUG] [caching:42][39m Clearing activities cache
[31m[2025-11-06 19:56:57 ERROR] [run:188][39m hypothesis probe must have a tolerance entry
[36m[2025-11-06 19:56:57 DEBUG] [run:189][39m hypothesis probe must have a tolerance entry
[36m[2025-11-06 19:59:35 DEBUG] [__init__:101][39m ###############################################################################
[36m[2025-11-06 19:59:35 DEBUG] [__init__:102][39m Running command 'run'
[36m[2025-11-06 19:59:35 DEBUG] [__init__:106][39m Using settings file '/Users/razik/.chaostoolkit/settings.yaml'
[36m[2025-11-06 19:59:35 DEBUG] [settings:31][39m The Chaos Toolkit settings file could not be found at '/Users/razik/.chaostoolkit/settings.yaml'.
[36m[2025-11-06 19:59:35 DEBUG] [__init__:472][39m No controls to apply on 'loader'
[36m[2025-11-06 19:59:35 DEBUG] [__init__:472][39m No controls to apply on 'loader'
[36m[2025-11-06 19:59:35 DEBUG] [caching:24][39m Building activity cache...
[36m[2025-11-06 19:59:35 DEBUG] [caching:35][39m Cached 6 activities
[32m[2025-11-06 19:59:35 INFO] [experiment:59][39m Validating the experiment's syntax
[36m[2025-11-06 19:59:35 DEBUG] [configuration:64][39m Loading configuration...
[36m[2025-11-06 19:59:35 DEBUG] [secret:79][39m Loading secrets...
[36m[2025-11-06 19:59:35 DEBUG] [secret:104][39m Done loading secrets
[36m[2025-11-06 19:59:35 DEBUG] [caching:42][39m Clearing activities cache
[31m[2025-11-06 19:59:35 ERROR] [run:188][39m argument 'toxiproxy_url' is not part of the function signature in activity 'create_proxy'
[36m[2025-11-06 19:59:35 DEBUG] [run:189][39m argument 'toxiproxy_url' is not part of the function signature in activity 'create_proxy'
[36m[2025-11-06 20:03:30 DEBUG] [__init__:101][39m ###############################################################################
[36m[2025-11-06 20:03:30 DEBUG] [__init__:102][39m Running command 'run'
[36m[2025-11-06 20:03:30 DEBUG] [__init__:106][39m Using settings file '/Users/razik/.chaostoolkit/settings.yaml'
[36m[2025-11-06 20:03:30 DEBUG] [settings:31][39m The Chaos Toolkit settings file could not be found at '/Users/razik/.chaostoolkit/settings.yaml'.
[36m[2025-11-06 20:03:30 DEBUG] [__init__:472][39m No controls to apply on 'loader'
[36m[2025-11-06 20:03:30 DEBUG] [__init__:472][39m No controls to apply on 'loader'
[31m[2025-11-06 20:03:30 ERROR] [run:178][39m Path "experiment-toxiproxy-http.json" does not exist.
[36m[2025-11-06 20:03:30 DEBUG] [run:179][39m Path "experiment-toxiproxy-http.json" does not exist.
[36m[2025-11-06 20:03:48 DEBUG] [__init__:101][39m ###############################################################################
[36m[2025-11-06 20:03:48 DEBUG] [__init__:102][39m Running command 'run'
[36m[2025-11-06 20:03:48 DEBUG] [__init__:106][39m Using settings file '/Users/razik/.chaostoolkit/settings.yaml'
[36m[2025-11-06 20:03:48 DEBUG] [settings:31][39m The Chaos Toolkit settings file could not be found at '/Users/razik/.chaostoolkit/settings.yaml'.
[36m[2025-11-06 20:03:48 DEBUG] [__init__:472][39m No controls to apply on 'loader'
[36m[2025-11-06 20:03:48 DEBUG] [__init__:472][39m No controls to apply on 'loader'
[36m[2025-11-06 20:03:48 DEBUG] [caching:24][39m Building activity cache...
[36m[2025-11-06 20:03:48 DEBUG] [caching:35][39m Cached 6 activities
[32m[2025-11-06 20:03:48 INFO] [experiment:59][39m Validating the experiment's syntax
[36m[2025-11-06 20:03:48 DEBUG] [configuration:64][39m Loading configuration...
[36m[2025-11-06 20:03:48 DEBUG] [secret:79][39m Loading secrets...
[36m[2025-11-06 20:03:48 DEBUG] [secret:104][39m Done loading secrets
[36m[2025-11-06 20:03:48 DEBUG] [caching:42][39m Clearing activities cache
[31m[2025-11-06 20:03:48 ERROR] [run:188][39m 'pause' is not a supported activity type
[36m[2025-11-06 20:03:48 DEBUG] [run:189][39m 'pause' is not a supported activity type
[36m[2025-11-06 20:12:10 DEBUG] [__init__:101][39m ###############################################################################
[36m[2025-11-06 20:12:10 DEBUG] [__init__:102][39m Running command 'run'
[36m[2025-11-06 20:12:10 DEBUG] [__init__:106][39m Using settings file '/Users/razik/.chaostoolkit/settings.yaml'
[36m[2025-11-06 20:12:10 DEBUG] [settings:31][39m The Chaos Toolkit settings file could not be found at '/Users/razik/.chaostoolkit/settings.yaml'.
[36m[2025-11-06 20:12:10 DEBUG] [__init__:472][39m No controls to apply on 'loader'
[36m[2025-11-06 20:12:10 DEBUG] [__init__:472][39m No controls to apply on 'loader'
[31m[2025-11-06 20:12:10 ERROR] [run:178][39m Path "experiment-toxiproxy-http.json" does not exist.
[36m[2025-11-06 20:12:10 DEBUG] [run:179][39m Path "experiment-toxiproxy-http.json" does not exist.
[36m[2025-11-06 20:12:17 DEBUG] [__init__:101][39m ###############################################################################
[36m[2025-11-06 20:12:17 DEBUG] [__init__:102][39m Running command 'run'
[36m[2025-11-06 20:12:17 DEBUG] [__init__:106][39m Using settings file '/Users/razik/.chaostoolkit/settings.yaml'
[36m[2025-11-06 20:12:17 DEBUG] [settings:31][39m The Chaos Toolkit settings file could not be found at '/Users/razik/.chaostoolkit/settings.yaml'.
[36m[2025-11-06 20:12:17 DEBUG] [__init__:472][39m No controls to apply on 'loader'
[36m[2025-11-06 20:12:17 DEBUG] [__init__:472][39m No controls to apply on 'loader'
[36m[2025-11-06 20:12:17 DEBUG] [caching:24][39m Building activity cache...
[36m[2025-11-06 20:12:17 DEBUG] [caching:35][39m Cached 8 activities
[32m[2025-11-06 20:12:17 INFO] [experiment:59][39m Validating the experiment's syntax
[36m[2025-11-06 20:12:17 DEBUG] [configuration:64][39m Loading configuration...
[36m[2025-11-06 20:12:17 DEBUG] [secret:79][39m Loading secrets...
[36m[2025-11-06 20:12:17 DEBUG] [secret:104][39m Done loading secrets
[36m[2025-11-06 20:12:17 DEBUG] [caching:42][39m Clearing activities cache
[31m[2025-11-06 20:12:17 ERROR] [run:188][39m required argument 'object' is missing from activity 'sleep'
[36m[2025-11-06 20:12:17 DEBUG] [run:189][39m required argument 'object' is missing from activity 'sleep'
[36m[2025-11-06 20:15:56 DEBUG] [__init__:101][39m ###############################################################################
[36m[2025-11-06 20:15:56 DEBUG] [__init__:102][39m Running command 'run'
[36m[2025-11-06 20:15:56 DEBUG] [__init__:106][39m Using settings file '/Users/razik/.chaostoolkit/settings.yaml'
[36m[2025-11-06 20:15:56 DEBUG] [settings:31][39m The Chaos Toolkit settings file could not be found at '/Users/razik/.chaostoolkit/settings.yaml'.
[36m[2025-11-06 20:15:56 DEBUG] [__init__:472][39m No controls to apply on 'loader'
[36m[2025-11-06 20:15:56 DEBUG] [__init__:472][39m No controls to apply on 'loader'
[36m[2025-11-06 20:15:56 DEBUG] [caching:24][39m Building activity cache...
[36m[2025-11-06 20:15:56 DEBUG] [caching:35][39m Cached 8 activities
[32m[2025-11-06 20:15:56 INFO] [experiment:59][39m Validating the experiment's syntax
[36m[2025-11-06 20:15:56 DEBUG] [configuration:64][39m Loading configuration...
[36m[2025-11-06 20:15:56 DEBUG] [secret:79][39m Loading secrets...
[36m[2025-11-06 20:15:56 DEBUG] [secret:104][39m Done loading secrets
[36m[2025-11-06 20:15:56 DEBUG] [caching:42][39m Clearing activities cache
[31m[2025-11-06 20:15:56 ERROR] [run:188][39m required argument 'object' is missing from activity 'sleep'
[36m[2025-11-06 20:15:56 DEBUG] [run:189][39m required argument 'object' is missing from activity 'sleep'
[36m[2025-11-06 20:17:04 DEBUG] [__init__:101][39m ###############################################################################
[36m[2025-11-06 20:17:04 DEBUG] [__init__:102][39m Running command 'run'
[36m[2025-11-06 20:17:04 DEBUG] [__init__:106][39m Using settings file '/Users/razik/.chaostoolkit/settings.yaml'
[36m[2025-11-06 20:17:04 DEBUG] [settings:31][39m The Chaos Toolkit settings file could not be found at '/Users/razik/.chaostoolkit/settings.yaml'.
[36m[2025-11-06 20:17:04 DEBUG] [__init__:472][39m No controls to apply on 'loader'
[36m[2025-11-06 20:17:04 DEBUG] [__init__:472][39m No controls to apply on 'loader'
[36m[2025-11-06 20:17:04 DEBUG] [caching:24][39m Building activity cache...
[36m[2025-11-06 20:17:04 DEBUG] [caching:35][39m Cached 8 activities
[32m[2025-11-06 20:17:04 INFO] [experiment:59][39m Validating the experiment's syntax
[36m[2025-11-06 20:17:04 DEBUG] [configuration:64][39m Loading configuration...
[36m[2025-11-06 20:17:04 DEBUG] [secret:79][39m Loading secrets...
[36m[2025-11-06 20:17:04 DEBUG] [secret:104][39m Done loading secrets
[36m[2025-11-06 20:17:04 DEBUG] [caching:42][39m Clearing activities cache
[31m[2025-11-06 20:17:04 ERROR] [run:188][39m required argument 'object' is missing from activity 'sleep'
[36m[2025-11-06 20:17:04 DEBUG] [run:189][39m required argument 'object' is missing from activity 'sleep'
[36m[2025-11-06 20:21:21 DEBUG] [__init__:101][39m ###############################################################################
[36m[2025-11-06 20:21:21 DEBUG] [__init__:102][39m Running command 'run'
[36m[2025-11-06 20:21:21 DEBUG] [__init__:106][39m Using settings file '/Users/razik/.chaostoolkit/settings.yaml'
[36m[2025-11-06 20:21:21 DEBUG] [settings:31][39m The Chaos Toolkit settings file could not be found at '/Users/razik/.chaostoolkit/settings.yaml'.
[36m[2025-11-06 20:21:21 DEBUG] [__init__:472][39m No controls to apply on 'loader'
[36m[2025-11-06 20:21:21 DEBUG] [__init__:472][39m No controls to apply on 'loader'
[36m[2025-11-06 20:21:21 DEBUG] [caching:24][39m Building activity cache...
[36m[2025-11-06 20:21:21 DEBUG] [caching:35][39m Cached 4 activities
[32m[2025-11-06 20:21:21 INFO] [experiment:59][39m Validating the experiment's syntax
[36m[2025-11-06 20:21:21 DEBUG] [configuration:64][39m Loading configuration...
[36m[2025-11-06 20:21:21 DEBUG] [secret:79][39m Loading secrets...
[36m[2025-11-06 20:21:21 DEBUG] [secret:104][39m Done loading secrets
[32m[2025-11-06 20:21:21 INFO] [experiment:112][39m Experiment looks valid
[36m[2025-11-06 20:21:21 DEBUG] [caching:42][39m Clearing activities cache
[36m[2025-11-06 20:21:21 DEBUG] [run:224][39m Runtime strategies: hypothesis - default / rollbacks - default
[36m[2025-11-06 20:21:21 DEBUG] [caching:24][39m Building activity cache...
[36m[2025-11-06 20:21:21 DEBUG] [caching:35][39m Cached 4 activities
[36m[2025-11-06 20:21:21 DEBUG] [configuration:64][39m Loading configuration...
[36m[2025-11-06 20:21:21 DEBUG] [secret:79][39m Loading secrets...
[36m[2025-11-06 20:21:21 DEBUG] [secret:104][39m Done loading secrets
[36m[2025-11-06 20:21:21 DEBUG] [configuration:161][39m Loading dynamic configuration...
[32m[2025-11-06 20:21:21 INFO] [run:440][39m Running experiment: Toxiproxy latency (create + add toxic + probe)
[36m[2025-11-06 20:21:21 DEBUG] [__init__:67][39m Initializing controls
[32m[2025-11-06 20:21:21 INFO] [run:471][39m Steady-state strategy: default
[32m[2025-11-06 20:21:21 INFO] [run:477][39m Rollbacks strategy: default
[36m[2025-11-06 20:21:21 DEBUG] [__init__:472][39m No controls to apply on 'experiment'
[36m[2025-11-06 20:21:21 DEBUG] [run:654][39m Running steady-state hypothesis before the method
[32m[2025-11-06 20:21:21 INFO] [hypothesis:205][39m Steady state hypothesis: Frontend is healthy before chaos
[36m[2025-11-06 20:21:21 DEBUG] [__init__:472][39m No controls to apply on 'hypothesis'
[36m[2025-11-06 20:21:21 DEBUG] [__init__:472][39m No controls to apply on 'activity'
[32m[2025-11-06 20:21:21 INFO] [activity:232][39m Probe: frontend_is_responding
[36m[2025-11-06 20:21:21 DEBUG] [activity:260][39m   => succeeded with '{'status': 200, 'headers': {'Server': 'Werkzeug/3.1.3 Python/3.9.25', 'Date': 'Thu, 06 Nov 2025 20:21:21 GMT', 'Content-Type': 'application/json', 'Content-Length': '16', 'Connection': 'close'}, 'body': {'status': 'ok'}}'
[36m[2025-11-06 20:21:21 DEBUG] [__init__:472][39m No controls to apply on 'activity'
[36m[2025-11-06 20:21:21 DEBUG] [hypothesis:247][39m allowed tolerance is 200
[32m[2025-11-06 20:21:21 INFO] [hypothesis:260][39m Steady state hypothesis is met!
[36m[2025-11-06 20:21:21 DEBUG] [__init__:472][39m No controls to apply on 'hypothesis'
[32m[2025-11-06 20:21:21 INFO] [run:778][39m Playing your experiment's method now...
[36m[2025-11-06 20:21:21 DEBUG] [__init__:472][39m No controls to apply on 'method'
[36m[2025-11-06 20:21:21 DEBUG] [__init__:472][39m No controls to apply on 'activity'
[32m[2025-11-06 20:21:21 INFO] [activity:232][39m Action: create_proxy_via_http
[36m[2025-11-06 20:21:21 DEBUG] [activity:317][39m Activity failed
    Traceback (most recent call last):
      File "/Users/razik/Software/ds/lab3/client/.venv/lib/python3.13/site-packages/urllib3/connection.py", line 198, in _new_conn
        sock = connection.create_connection(
            (self._dns_host, self.port),
        ...<2 lines>...
            socket_options=self.socket_options,
        )
      File "/Users/razik/Software/ds/lab3/client/.venv/lib/python3.13/site-packages/urllib3/util/connection.py", line 60, in create_connection
        for res in socket.getaddrinfo(host, port, family, socket.SOCK_STREAM):
                   ~~~~~~~~~~~~~~~~~~^^^^^^^^^^^^^^^^^^^^^^^^^^^^^^^^^^^^^^^^
      File "/opt/homebrew/Cellar/python@3.13/3.13.7/Frameworks/Python.framework/Versions/3.13/lib/python3.13/socket.py", line 977, in getaddrinfo
        for res in _socket.getaddrinfo(host, port, family, type, proto, flags):
                   ~~~~~~~~~~~~~~~~~~~^^^^^^^^^^^^^^^^^^^^^^^^^^^^^^^^^^^^^^^^
    socket.gaierror: [Errno 8] nodename nor servname provided, or not known
    
    The above exception was the direct cause of the following exception:
    
    Traceback (most recent call last):
      File "/Users/razik/Software/ds/lab3/client/.venv/lib/python3.13/site-packages/urllib3/connectionpool.py", line 787, in urlopen
        response = self._make_request(
            conn,
        ...<10 lines>...
            **response_kw,
        )
      File "/Users/razik/Software/ds/lab3/client/.venv/lib/python3.13/site-packages/urllib3/connectionpool.py", line 493, in _make_request
        conn.request(
        ~~~~~~~~~~~~^
            method,
            ^^^^^^^
        ...<6 lines>...
            enforce_content_length=enforce_content_length,
            ^^^^^^^^^^^^^^^^^^^^^^^^^^^^^^^^^^^^^^^^^^^^^^
        )
        ^
      File "/Users/razik/Software/ds/lab3/client/.venv/lib/python3.13/site-packages/urllib3/connection.py", line 445, in request
        self.endheaders()
        ~~~~~~~~~~~~~~~^^
      File "/opt/homebrew/Cellar/python@3.13/3.13.7/Frameworks/Python.framework/Versions/3.13/lib/python3.13/http/client.py", line 1333, in endheaders
        self._send_output(message_body, encode_chunked=encode_chunked)
        ~~~~~~~~~~~~~~~~~^^^^^^^^^^^^^^^^^^^^^^^^^^^^^^^^^^^^^^^^^^^^^
      File "/opt/homebrew/Cellar/python@3.13/3.13.7/Frameworks/Python.framework/Versions/3.13/lib/python3.13/http/client.py", line 1093, in _send_output
        self.send(msg)
        ~~~~~~~~~^^^^^
      File "/opt/homebrew/Cellar/python@3.13/3.13.7/Frameworks/Python.framework/Versions/3.13/lib/python3.13/http/client.py", line 1037, in send
        self.connect()
        ~~~~~~~~~~~~^^
      File "/Users/razik/Software/ds/lab3/client/.venv/lib/python3.13/site-packages/urllib3/connection.py", line 276, in connect
        self.sock = self._new_conn()
                    ~~~~~~~~~~~~~~^^
      File "/Users/razik/Software/ds/lab3/client/.venv/lib/python3.13/site-packages/urllib3/connection.py", line 205, in _new_conn
        raise NameResolutionError(self.host, self, e) from e
    urllib3.exceptions.NameResolutionError: <urllib3.connection.HTTPConnection object at 0x10b38d590>: Failed to resolve 'toxiproxy' ([Errno 8] nodename nor servname provided, or not known)
    
    The above exception was the direct cause of the following exception:
    
    Traceback (most recent call last):
      File "/Users/razik/Software/ds/lab3/client/.venv/lib/python3.13/site-packages/requests/adapters.py", line 644, in send
        resp = conn.urlopen(
            method=request.method,
        ...<9 lines>...
            chunked=chunked,
        )
      File "/Users/razik/Software/ds/lab3/client/.venv/lib/python3.13/site-packages/urllib3/connectionpool.py", line 841, in urlopen
        retries = retries.increment(
            method, url, error=new_e, _pool=self, _stacktrace=sys.exc_info()[2]
        )
      File "/Users/razik/Software/ds/lab3/client/.venv/lib/python3.13/site-packages/urllib3/util/retry.py", line 519, in increment
        raise MaxRetryError(_pool, url, reason) from reason  # type: ignore[arg-type]
        ^^^^^^^^^^^^^^^^^^^^^^^^^^^^^^^^^^^^^^^^^^^^^^^^^^^
    urllib3.exceptions.MaxRetryError: HTTPConnectionPool(host='toxiproxy', port=8474): Max retries exceeded with url: /proxies (Caused by NameResolutionError("<urllib3.connection.HTTPConnection object at 0x10b38d590>: Failed to resolve 'toxiproxy' ([Errno 8] nodename nor servname provided, or not known)"))
    
    During handling of the above exception, another exception occurred:
    
    Traceback (most recent call last):
      File "/Users/razik/Software/ds/lab3/client/.venv/lib/python3.13/site-packages/chaoslib/provider/http.py", line 60, in run_http_activity
        r = s.request(
            method,
        ...<4 lines>...
            verify=verify_tls,
        )
      File "/Users/razik/Software/ds/lab3/client/.venv/lib/python3.13/site-packages/requests/sessions.py", line 589, in request
        resp = self.send(prep, **send_kwargs)
      File "/Users/razik/Software/ds/lab3/client/.venv/lib/python3.13/site-packages/requests/sessions.py", line 703, in send
        r = adapter.send(request, **kwargs)
      File "/Users/razik/Software/ds/lab3/client/.venv/lib/python3.13/site-packages/requests/adapters.py", line 677, in send
        raise ConnectionError(e, request=request)
    requests.exceptions.ConnectionError: HTTPConnectionPool(host='toxiproxy', port=8474): Max retries exceeded with url: /proxies (Caused by NameResolutionError("<urllib3.connection.HTTPConnection object at 0x10b38d590>: Failed to resolve 'toxiproxy' ([Errno 8] nodename nor servname provided, or not known)"))
    
    During handling of the above exception, another exception occurred:
    
    Traceback (most recent call last):
      File "/Users/razik/Software/ds/lab3/client/.venv/lib/python3.13/site-packages/chaoslib/activity.py", line 314, in run_activity
        result = run_http_activity(activity, configuration, secrets)
      File "/Users/razik/Software/ds/lab3/client/.venv/lib/python3.13/site-packages/chaoslib/provider/http.py", line 101, in run_http_activity
        raise ActivityFailed(f"failed to connect to {url}: {str(cex)}")
    chaoslib.exceptions.ActivityFailed: failed to connect to http://toxiproxy:8474/proxies: HTTPConnectionPool(host='toxiproxy', port=8474): Max retries exceeded with url: /proxies (Caused by NameResolutionError("<urllib3.connection.HTTPConnection object at 0x10b38d590>: Failed to resolve 'toxiproxy' ([Errno 8] nodename nor servname provided, or not known)"))
[31m[2025-11-06 20:21:21 ERROR] [activity:268][39m   => failed: failed to connect to http://toxiproxy:8474/proxies: HTTPConnectionPool(host='toxiproxy', port=8474): Max retries exceeded with url: /proxies (Caused by NameResolutionError("<urllib3.connection.HTTPConnection object at 0x10b38d590>: Failed to resolve 'toxiproxy' ([Errno 8] nodename nor servname provided, or not known)"))
[36m[2025-11-06 20:21:21 DEBUG] [__init__:472][39m No controls to apply on 'activity'
[36m[2025-11-06 20:21:21 DEBUG] [__init__:472][39m No controls to apply on 'activity'
[32m[2025-11-06 20:21:21 INFO] [activity:232][39m Action: add_latency_toxic_via_http
[36m[2025-11-06 20:21:21 DEBUG] [activity:317][39m Activity failed
    Traceback (most recent call last):
      File "/Users/razik/Software/ds/lab3/client/.venv/lib/python3.13/site-packages/urllib3/connection.py", line 198, in _new_conn
        sock = connection.create_connection(
            (self._dns_host, self.port),
        ...<2 lines>...
            socket_options=self.socket_options,
        )
      File "/Users/razik/Software/ds/lab3/client/.venv/lib/python3.13/site-packages/urllib3/util/connection.py", line 60, in create_connection
        for res in socket.getaddrinfo(host, port, family, socket.SOCK_STREAM):
                   ~~~~~~~~~~~~~~~~~~^^^^^^^^^^^^^^^^^^^^^^^^^^^^^^^^^^^^^^^^
      File "/opt/homebrew/Cellar/python@3.13/3.13.7/Frameworks/Python.framework/Versions/3.13/lib/python3.13/socket.py", line 977, in getaddrinfo
        for res in _socket.getaddrinfo(host, port, family, type, proto, flags):
                   ~~~~~~~~~~~~~~~~~~~^^^^^^^^^^^^^^^^^^^^^^^^^^^^^^^^^^^^^^^^
    socket.gaierror: [Errno 8] nodename nor servname provided, or not known
    
    The above exception was the direct cause of the following exception:
    
    Traceback (most recent call last):
      File "/Users/razik/Software/ds/lab3/client/.venv/lib/python3.13/site-packages/urllib3/connectionpool.py", line 787, in urlopen
        response = self._make_request(
            conn,
        ...<10 lines>...
            **response_kw,
        )
      File "/Users/razik/Software/ds/lab3/client/.venv/lib/python3.13/site-packages/urllib3/connectionpool.py", line 493, in _make_request
        conn.request(
        ~~~~~~~~~~~~^
            method,
            ^^^^^^^
        ...<6 lines>...
            enforce_content_length=enforce_content_length,
            ^^^^^^^^^^^^^^^^^^^^^^^^^^^^^^^^^^^^^^^^^^^^^^
        )
        ^
      File "/Users/razik/Software/ds/lab3/client/.venv/lib/python3.13/site-packages/urllib3/connection.py", line 445, in request
        self.endheaders()
        ~~~~~~~~~~~~~~~^^
      File "/opt/homebrew/Cellar/python@3.13/3.13.7/Frameworks/Python.framework/Versions/3.13/lib/python3.13/http/client.py", line 1333, in endheaders
        self._send_output(message_body, encode_chunked=encode_chunked)
        ~~~~~~~~~~~~~~~~~^^^^^^^^^^^^^^^^^^^^^^^^^^^^^^^^^^^^^^^^^^^^^
      File "/opt/homebrew/Cellar/python@3.13/3.13.7/Frameworks/Python.framework/Versions/3.13/lib/python3.13/http/client.py", line 1093, in _send_output
        self.send(msg)
        ~~~~~~~~~^^^^^
      File "/opt/homebrew/Cellar/python@3.13/3.13.7/Frameworks/Python.framework/Versions/3.13/lib/python3.13/http/client.py", line 1037, in send
        self.connect()
        ~~~~~~~~~~~~^^
      File "/Users/razik/Software/ds/lab3/client/.venv/lib/python3.13/site-packages/urllib3/connection.py", line 276, in connect
        self.sock = self._new_conn()
                    ~~~~~~~~~~~~~~^^
      File "/Users/razik/Software/ds/lab3/client/.venv/lib/python3.13/site-packages/urllib3/connection.py", line 205, in _new_conn
        raise NameResolutionError(self.host, self, e) from e
    urllib3.exceptions.NameResolutionError: <urllib3.connection.HTTPConnection object at 0x10b38dd10>: Failed to resolve 'toxiproxy' ([Errno 8] nodename nor servname provided, or not known)
    
    The above exception was the direct cause of the following exception:
    
    Traceback (most recent call last):
      File "/Users/razik/Software/ds/lab3/client/.venv/lib/python3.13/site-packages/requests/adapters.py", line 644, in send
        resp = conn.urlopen(
            method=request.method,
        ...<9 lines>...
            chunked=chunked,
        )
      File "/Users/razik/Software/ds/lab3/client/.venv/lib/python3.13/site-packages/urllib3/connectionpool.py", line 841, in urlopen
        retries = retries.increment(
            method, url, error=new_e, _pool=self, _stacktrace=sys.exc_info()[2]
        )
      File "/Users/razik/Software/ds/lab3/client/.venv/lib/python3.13/site-packages/urllib3/util/retry.py", line 519, in increment
        raise MaxRetryError(_pool, url, reason) from reason  # type: ignore[arg-type]
        ^^^^^^^^^^^^^^^^^^^^^^^^^^^^^^^^^^^^^^^^^^^^^^^^^^^
    urllib3.exceptions.MaxRetryError: HTTPConnectionPool(host='toxiproxy', port=8474): Max retries exceeded with url: /proxies/backend-proxy/toxics (Caused by NameResolutionError("<urllib3.connection.HTTPConnection object at 0x10b38dd10>: Failed to resolve 'toxiproxy' ([Errno 8] nodename nor servname provided, or not known)"))
    
    During handling of the above exception, another exception occurred:
    
    Traceback (most recent call last):
      File "/Users/razik/Software/ds/lab3/client/.venv/lib/python3.13/site-packages/chaoslib/provider/http.py", line 60, in run_http_activity
        r = s.request(
            method,
        ...<4 lines>...
            verify=verify_tls,
        )
      File "/Users/razik/Software/ds/lab3/client/.venv/lib/python3.13/site-packages/requests/sessions.py", line 589, in request
        resp = self.send(prep, **send_kwargs)
      File "/Users/razik/Software/ds/lab3/client/.venv/lib/python3.13/site-packages/requests/sessions.py", line 703, in send
        r = adapter.send(request, **kwargs)
      File "/Users/razik/Software/ds/lab3/client/.venv/lib/python3.13/site-packages/requests/adapters.py", line 677, in send
        raise ConnectionError(e, request=request)
    requests.exceptions.ConnectionError: HTTPConnectionPool(host='toxiproxy', port=8474): Max retries exceeded with url: /proxies/backend-proxy/toxics (Caused by NameResolutionError("<urllib3.connection.HTTPConnection object at 0x10b38dd10>: Failed to resolve 'toxiproxy' ([Errno 8] nodename nor servname provided, or not known)"))
    
    During handling of the above exception, another exception occurred:
    
    Traceback (most recent call last):
      File "/Users/razik/Software/ds/lab3/client/.venv/lib/python3.13/site-packages/chaoslib/activity.py", line 314, in run_activity
        result = run_http_activity(activity, configuration, secrets)
      File "/Users/razik/Software/ds/lab3/client/.venv/lib/python3.13/site-packages/chaoslib/provider/http.py", line 101, in run_http_activity
        raise ActivityFailed(f"failed to connect to {url}: {str(cex)}")
    chaoslib.exceptions.ActivityFailed: failed to connect to http://toxiproxy:8474/proxies/backend-proxy/toxics: HTTPConnectionPool(host='toxiproxy', port=8474): Max retries exceeded with url: /proxies/backend-proxy/toxics (Caused by NameResolutionError("<urllib3.connection.HTTPConnection object at 0x10b38dd10>: Failed to resolve 'toxiproxy' ([Errno 8] nodename nor servname provided, or not known)"))
[31m[2025-11-06 20:21:21 ERROR] [activity:268][39m   => failed: failed to connect to http://toxiproxy:8474/proxies/backend-proxy/toxics: HTTPConnectionPool(host='toxiproxy', port=8474): Max retries exceeded with url: /proxies/backend-proxy/toxics (Caused by NameResolutionError("<urllib3.connection.HTTPConnection object at 0x10b38dd10>: Failed to resolve 'toxiproxy' ([Errno 8] nodename nor servname provided, or not known)"))
[36m[2025-11-06 20:21:21 DEBUG] [__init__:472][39m No controls to apply on 'activity'
[36m[2025-11-06 20:21:21 DEBUG] [__init__:472][39m No controls to apply on 'activity'
[32m[2025-11-06 20:21:21 INFO] [activity:232][39m Probe: check_breaker_status_immediate
[36m[2025-11-06 20:21:21 DEBUG] [activity:260][39m   => succeeded with '{'status': 200, 'headers': {'Server': 'Werkzeug/3.1.3 Python/3.9.25', 'Date': 'Thu, 06 Nov 2025 20:21:21 GMT', 'Content-Type': 'application/json', 'Content-Length': '101', 'Connection': 'close'}, 'body': {'fail_max': 5, 'half_open_max_concurrency': 2, 'last_changed': None, 'reset_timeout': 5, 'state': 'UNKNOWN'}}'
[36m[2025-11-06 20:21:21 DEBUG] [__init__:472][39m No controls to apply on 'activity'
[36m[2025-11-06 20:21:21 DEBUG] [__init__:472][39m No controls to apply on 'method'
[36m[2025-11-06 20:21:21 DEBUG] [run:696][39m Running steady-state hypothesis after the method
[32m[2025-11-06 20:21:21 INFO] [hypothesis:205][39m Steady state hypothesis: Frontend is healthy before chaos
[36m[2025-11-06 20:21:21 DEBUG] [__init__:472][39m No controls to apply on 'hypothesis'
[36m[2025-11-06 20:21:21 DEBUG] [__init__:472][39m No controls to apply on 'activity'
[32m[2025-11-06 20:21:21 INFO] [activity:232][39m Probe: frontend_is_responding
[36m[2025-11-06 20:21:21 DEBUG] [activity:260][39m   => succeeded with '{'status': 200, 'headers': {'Server': 'Werkzeug/3.1.3 Python/3.9.25', 'Date': 'Thu, 06 Nov 2025 20:21:21 GMT', 'Content-Type': 'application/json', 'Content-Length': '16', 'Connection': 'close'}, 'body': {'status': 'ok'}}'
[36m[2025-11-06 20:21:21 DEBUG] [__init__:472][39m No controls to apply on 'activity'
[36m[2025-11-06 20:21:21 DEBUG] [hypothesis:247][39m allowed tolerance is 200
[32m[2025-11-06 20:21:21 INFO] [hypothesis:260][39m Steady state hypothesis is met!
[36m[2025-11-06 20:21:21 DEBUG] [__init__:472][39m No controls to apply on 'hypothesis'
[32m[2025-11-06 20:21:21 INFO] [run:1072][39m Let's rollback...
[36m[2025-11-06 20:21:21 DEBUG] [__init__:472][39m No controls to apply on 'rollback'
[32m[2025-11-06 20:21:21 INFO] [rollback:36][39m Rollback: remove_toxic_via_http
[36m[2025-11-06 20:21:21 DEBUG] [__init__:472][39m No controls to apply on 'activity'
[32m[2025-11-06 20:21:21 INFO] [activity:232][39m Action: remove_toxic_via_http
[36m[2025-11-06 20:21:21 DEBUG] [activity:317][39m Activity failed
    Traceback (most recent call last):
      File "/Users/razik/Software/ds/lab3/client/.venv/lib/python3.13/site-packages/urllib3/connection.py", line 198, in _new_conn
        sock = connection.create_connection(
            (self._dns_host, self.port),
        ...<2 lines>...
            socket_options=self.socket_options,
        )
      File "/Users/razik/Software/ds/lab3/client/.venv/lib/python3.13/site-packages/urllib3/util/connection.py", line 60, in create_connection
        for res in socket.getaddrinfo(host, port, family, socket.SOCK_STREAM):
                   ~~~~~~~~~~~~~~~~~~^^^^^^^^^^^^^^^^^^^^^^^^^^^^^^^^^^^^^^^^
      File "/opt/homebrew/Cellar/python@3.13/3.13.7/Frameworks/Python.framework/Versions/3.13/lib/python3.13/socket.py", line 977, in getaddrinfo
        for res in _socket.getaddrinfo(host, port, family, type, proto, flags):
                   ~~~~~~~~~~~~~~~~~~~^^^^^^^^^^^^^^^^^^^^^^^^^^^^^^^^^^^^^^^^
    socket.gaierror: [Errno 8] nodename nor servname provided, or not known
    
    The above exception was the direct cause of the following exception:
    
    Traceback (most recent call last):
      File "/Users/razik/Software/ds/lab3/client/.venv/lib/python3.13/site-packages/urllib3/connectionpool.py", line 787, in urlopen
        response = self._make_request(
            conn,
        ...<10 lines>...
            **response_kw,
        )
      File "/Users/razik/Software/ds/lab3/client/.venv/lib/python3.13/site-packages/urllib3/connectionpool.py", line 493, in _make_request
        conn.request(
        ~~~~~~~~~~~~^
            method,
            ^^^^^^^
        ...<6 lines>...
            enforce_content_length=enforce_content_length,
            ^^^^^^^^^^^^^^^^^^^^^^^^^^^^^^^^^^^^^^^^^^^^^^
        )
        ^
      File "/Users/razik/Software/ds/lab3/client/.venv/lib/python3.13/site-packages/urllib3/connection.py", line 445, in request
        self.endheaders()
        ~~~~~~~~~~~~~~~^^
      File "/opt/homebrew/Cellar/python@3.13/3.13.7/Frameworks/Python.framework/Versions/3.13/lib/python3.13/http/client.py", line 1333, in endheaders
        self._send_output(message_body, encode_chunked=encode_chunked)
        ~~~~~~~~~~~~~~~~~^^^^^^^^^^^^^^^^^^^^^^^^^^^^^^^^^^^^^^^^^^^^^
      File "/opt/homebrew/Cellar/python@3.13/3.13.7/Frameworks/Python.framework/Versions/3.13/lib/python3.13/http/client.py", line 1093, in _send_output
        self.send(msg)
        ~~~~~~~~~^^^^^
      File "/opt/homebrew/Cellar/python@3.13/3.13.7/Frameworks/Python.framework/Versions/3.13/lib/python3.13/http/client.py", line 1037, in send
        self.connect()
        ~~~~~~~~~~~~^^
      File "/Users/razik/Software/ds/lab3/client/.venv/lib/python3.13/site-packages/urllib3/connection.py", line 276, in connect
        self.sock = self._new_conn()
                    ~~~~~~~~~~~~~~^^
      File "/Users/razik/Software/ds/lab3/client/.venv/lib/python3.13/site-packages/urllib3/connection.py", line 205, in _new_conn
        raise NameResolutionError(self.host, self, e) from e
    urllib3.exceptions.NameResolutionError: <urllib3.connection.HTTPConnection object at 0x10b391b50>: Failed to resolve 'toxiproxy' ([Errno 8] nodename nor servname provided, or not known)
    
    The above exception was the direct cause of the following exception:
    
    Traceback (most recent call last):
      File "/Users/razik/Software/ds/lab3/client/.venv/lib/python3.13/site-packages/requests/adapters.py", line 644, in send
        resp = conn.urlopen(
            method=request.method,
        ...<9 lines>...
            chunked=chunked,
        )
      File "/Users/razik/Software/ds/lab3/client/.venv/lib/python3.13/site-packages/urllib3/connectionpool.py", line 841, in urlopen
        retries = retries.increment(
            method, url, error=new_e, _pool=self, _stacktrace=sys.exc_info()[2]
        )
      File "/Users/razik/Software/ds/lab3/client/.venv/lib/python3.13/site-packages/urllib3/util/retry.py", line 519, in increment
        raise MaxRetryError(_pool, url, reason) from reason  # type: ignore[arg-type]
        ^^^^^^^^^^^^^^^^^^^^^^^^^^^^^^^^^^^^^^^^^^^^^^^^^^^
    urllib3.exceptions.MaxRetryError: HTTPConnectionPool(host='toxiproxy', port=8474): Max retries exceeded with url: /proxies/backend-proxy/toxics/latency (Caused by NameResolutionError("<urllib3.connection.HTTPConnection object at 0x10b391b50>: Failed to resolve 'toxiproxy' ([Errno 8] nodename nor servname provided, or not known)"))
    
    During handling of the above exception, another exception occurred:
    
    Traceback (most recent call last):
      File "/Users/razik/Software/ds/lab3/client/.venv/lib/python3.13/site-packages/chaoslib/provider/http.py", line 69, in run_http_activity
        r = s.request(
            method,
        ...<4 lines>...
            verify=verify_tls,
        )
      File "/Users/razik/Software/ds/lab3/client/.venv/lib/python3.13/site-packages/requests/sessions.py", line 589, in request
        resp = self.send(prep, **send_kwargs)
      File "/Users/razik/Software/ds/lab3/client/.venv/lib/python3.13/site-packages/requests/sessions.py", line 703, in send
        r = adapter.send(request, **kwargs)
      File "/Users/razik/Software/ds/lab3/client/.venv/lib/python3.13/site-packages/requests/adapters.py", line 677, in send
        raise ConnectionError(e, request=request)
    requests.exceptions.ConnectionError: HTTPConnectionPool(host='toxiproxy', port=8474): Max retries exceeded with url: /proxies/backend-proxy/toxics/latency (Caused by NameResolutionError("<urllib3.connection.HTTPConnection object at 0x10b391b50>: Failed to resolve 'toxiproxy' ([Errno 8] nodename nor servname provided, or not known)"))
    
    During handling of the above exception, another exception occurred:
    
    Traceback (most recent call last):
      File "/Users/razik/Software/ds/lab3/client/.venv/lib/python3.13/site-packages/chaoslib/activity.py", line 314, in run_activity
        result = run_http_activity(activity, configuration, secrets)
      File "/Users/razik/Software/ds/lab3/client/.venv/lib/python3.13/site-packages/chaoslib/provider/http.py", line 101, in run_http_activity
        raise ActivityFailed(f"failed to connect to {url}: {str(cex)}")
    chaoslib.exceptions.ActivityFailed: failed to connect to http://toxiproxy:8474/proxies/backend-proxy/toxics/latency: HTTPConnectionPool(host='toxiproxy', port=8474): Max retries exceeded with url: /proxies/backend-proxy/toxics/latency (Caused by NameResolutionError("<urllib3.connection.HTTPConnection object at 0x10b391b50>: Failed to resolve 'toxiproxy' ([Errno 8] nodename nor servname provided, or not known)"))
[31m[2025-11-06 20:21:21 ERROR] [activity:268][39m   => failed: failed to connect to http://toxiproxy:8474/proxies/backend-proxy/toxics/latency: HTTPConnectionPool(host='toxiproxy', port=8474): Max retries exceeded with url: /proxies/backend-proxy/toxics/latency (Caused by NameResolutionError("<urllib3.connection.HTTPConnection object at 0x10b391b50>: Failed to resolve 'toxiproxy' ([Errno 8] nodename nor servname provided, or not known)"))
[36m[2025-11-06 20:21:21 DEBUG] [__init__:472][39m No controls to apply on 'activity'
[32m[2025-11-06 20:21:21 INFO] [rollback:36][39m Rollback: remove_proxy_via_http
[36m[2025-11-06 20:21:21 DEBUG] [__init__:472][39m No controls to apply on 'activity'
[32m[2025-11-06 20:21:21 INFO] [activity:232][39m Action: remove_proxy_via_http
[36m[2025-11-06 20:21:21 DEBUG] [activity:317][39m Activity failed
    Traceback (most recent call last):
      File "/Users/razik/Software/ds/lab3/client/.venv/lib/python3.13/site-packages/urllib3/connection.py", line 198, in _new_conn
        sock = connection.create_connection(
            (self._dns_host, self.port),
        ...<2 lines>...
            socket_options=self.socket_options,
        )
      File "/Users/razik/Software/ds/lab3/client/.venv/lib/python3.13/site-packages/urllib3/util/connection.py", line 60, in create_connection
        for res in socket.getaddrinfo(host, port, family, socket.SOCK_STREAM):
                   ~~~~~~~~~~~~~~~~~~^^^^^^^^^^^^^^^^^^^^^^^^^^^^^^^^^^^^^^^^
      File "/opt/homebrew/Cellar/python@3.13/3.13.7/Frameworks/Python.framework/Versions/3.13/lib/python3.13/socket.py", line 977, in getaddrinfo
        for res in _socket.getaddrinfo(host, port, family, type, proto, flags):
                   ~~~~~~~~~~~~~~~~~~~^^^^^^^^^^^^^^^^^^^^^^^^^^^^^^^^^^^^^^^^
    socket.gaierror: [Errno 8] nodename nor servname provided, or not known
    
    The above exception was the direct cause of the following exception:
    
    Traceback (most recent call last):
      File "/Users/razik/Software/ds/lab3/client/.venv/lib/python3.13/site-packages/urllib3/connectionpool.py", line 787, in urlopen
        response = self._make_request(
            conn,
        ...<10 lines>...
            **response_kw,
        )
      File "/Users/razik/Software/ds/lab3/client/.venv/lib/python3.13/site-packages/urllib3/connectionpool.py", line 493, in _make_request
        conn.request(
        ~~~~~~~~~~~~^
            method,
            ^^^^^^^
        ...<6 lines>...
            enforce_content_length=enforce_content_length,
            ^^^^^^^^^^^^^^^^^^^^^^^^^^^^^^^^^^^^^^^^^^^^^^
        )
        ^
      File "/Users/razik/Software/ds/lab3/client/.venv/lib/python3.13/site-packages/urllib3/connection.py", line 445, in request
        self.endheaders()
        ~~~~~~~~~~~~~~~^^
      File "/opt/homebrew/Cellar/python@3.13/3.13.7/Frameworks/Python.framework/Versions/3.13/lib/python3.13/http/client.py", line 1333, in endheaders
        self._send_output(message_body, encode_chunked=encode_chunked)
        ~~~~~~~~~~~~~~~~~^^^^^^^^^^^^^^^^^^^^^^^^^^^^^^^^^^^^^^^^^^^^^
      File "/opt/homebrew/Cellar/python@3.13/3.13.7/Frameworks/Python.framework/Versions/3.13/lib/python3.13/http/client.py", line 1093, in _send_output
        self.send(msg)
        ~~~~~~~~~^^^^^
      File "/opt/homebrew/Cellar/python@3.13/3.13.7/Frameworks/Python.framework/Versions/3.13/lib/python3.13/http/client.py", line 1037, in send
        self.connect()
        ~~~~~~~~~~~~^^
      File "/Users/razik/Software/ds/lab3/client/.venv/lib/python3.13/site-packages/urllib3/connection.py", line 276, in connect
        self.sock = self._new_conn()
                    ~~~~~~~~~~~~~~^^
      File "/Users/razik/Software/ds/lab3/client/.venv/lib/python3.13/site-packages/urllib3/connection.py", line 205, in _new_conn
        raise NameResolutionError(self.host, self, e) from e
    urllib3.exceptions.NameResolutionError: <urllib3.connection.HTTPConnection object at 0x10b3ad480>: Failed to resolve 'toxiproxy' ([Errno 8] nodename nor servname provided, or not known)
    
    The above exception was the direct cause of the following exception:
    
    Traceback (most recent call last):
      File "/Users/razik/Software/ds/lab3/client/.venv/lib/python3.13/site-packages/requests/adapters.py", line 644, in send
        resp = conn.urlopen(
            method=request.method,
        ...<9 lines>...
            chunked=chunked,
        )
      File "/Users/razik/Software/ds/lab3/client/.venv/lib/python3.13/site-packages/urllib3/connectionpool.py", line 841, in urlopen
        retries = retries.increment(
            method, url, error=new_e, _pool=self, _stacktrace=sys.exc_info()[2]
        )
      File "/Users/razik/Software/ds/lab3/client/.venv/lib/python3.13/site-packages/urllib3/util/retry.py", line 519, in increment
        raise MaxRetryError(_pool, url, reason) from reason  # type: ignore[arg-type]
        ^^^^^^^^^^^^^^^^^^^^^^^^^^^^^^^^^^^^^^^^^^^^^^^^^^^
    urllib3.exceptions.MaxRetryError: HTTPConnectionPool(host='toxiproxy', port=8474): Max retries exceeded with url: /proxies/backend-proxy (Caused by NameResolutionError("<urllib3.connection.HTTPConnection object at 0x10b3ad480>: Failed to resolve 'toxiproxy' ([Errno 8] nodename nor servname provided, or not known)"))
    
    During handling of the above exception, another exception occurred:
    
    Traceback (most recent call last):
      File "/Users/razik/Software/ds/lab3/client/.venv/lib/python3.13/site-packages/chaoslib/provider/http.py", line 69, in run_http_activity
        r = s.request(
            method,
        ...<4 lines>...
            verify=verify_tls,
        )
      File "/Users/razik/Software/ds/lab3/client/.venv/lib/python3.13/site-packages/requests/sessions.py", line 589, in request
        resp = self.send(prep, **send_kwargs)
      File "/Users/razik/Software/ds/lab3/client/.venv/lib/python3.13/site-packages/requests/sessions.py", line 703, in send
        r = adapter.send(request, **kwargs)
      File "/Users/razik/Software/ds/lab3/client/.venv/lib/python3.13/site-packages/requests/adapters.py", line 677, in send
        raise ConnectionError(e, request=request)
    requests.exceptions.ConnectionError: HTTPConnectionPool(host='toxiproxy', port=8474): Max retries exceeded with url: /proxies/backend-proxy (Caused by NameResolutionError("<urllib3.connection.HTTPConnection object at 0x10b3ad480>: Failed to resolve 'toxiproxy' ([Errno 8] nodename nor servname provided, or not known)"))
    
    During handling of the above exception, another exception occurred:
    
    Traceback (most recent call last):
      File "/Users/razik/Software/ds/lab3/client/.venv/lib/python3.13/site-packages/chaoslib/activity.py", line 314, in run_activity
        result = run_http_activity(activity, configuration, secrets)
      File "/Users/razik/Software/ds/lab3/client/.venv/lib/python3.13/site-packages/chaoslib/provider/http.py", line 101, in run_http_activity
        raise ActivityFailed(f"failed to connect to {url}: {str(cex)}")
    chaoslib.exceptions.ActivityFailed: failed to connect to http://toxiproxy:8474/proxies/backend-proxy: HTTPConnectionPool(host='toxiproxy', port=8474): Max retries exceeded with url: /proxies/backend-proxy (Caused by NameResolutionError("<urllib3.connection.HTTPConnection object at 0x10b3ad480>: Failed to resolve 'toxiproxy' ([Errno 8] nodename nor servname provided, or not known)"))
[31m[2025-11-06 20:21:21 ERROR] [activity:268][39m   => failed: failed to connect to http://toxiproxy:8474/proxies/backend-proxy: HTTPConnectionPool(host='toxiproxy', port=8474): Max retries exceeded with url: /proxies/backend-proxy (Caused by NameResolutionError("<urllib3.connection.HTTPConnection object at 0x10b3ad480>: Failed to resolve 'toxiproxy' ([Errno 8] nodename nor servname provided, or not known)"))
[36m[2025-11-06 20:21:21 DEBUG] [__init__:472][39m No controls to apply on 'activity'
[36m[2025-11-06 20:21:21 DEBUG] [__init__:472][39m No controls to apply on 'rollback'
[32m[2025-11-06 20:21:21 INFO] [run:598][39m Experiment ended with status: completed
[36m[2025-11-06 20:21:21 DEBUG] [__init__:472][39m No controls to apply on 'experiment'
[36m[2025-11-06 20:21:21 DEBUG] [__init__:106][39m Cleaning up controls
[36m[2025-11-06 20:21:21 DEBUG] [caching:42][39m Clearing activities cache
